Archive member included to satisfy reference by file (symbol)

C:/ST/IDE2/STM32CubeIDE/plugins/com.st.stm32cube.ide.mcu.externaltools.gnu-tools-for-stm32.13.3.rel1.win32_1.0.100.202509120712/tools/bin/../lib/gcc/arm-none-eabi/13.3.1/../../../../arm-none-eabi/lib/thumb/v8-m.main+fp/hard\libc_nano.a(libc_a-exit.o)
                              C:/ST/IDE2/STM32CubeIDE/plugins/com.st.stm32cube.ide.mcu.externaltools.gnu-tools-for-stm32.13.3.rel1.win32_1.0.100.202509120712/tools/bin/../lib/gcc/arm-none-eabi/13.3.1/../../../../arm-none-eabi/lib/thumb/v8-m.main+fp/hard/crt0.o (exit)
C:/ST/IDE2/STM32CubeIDE/plugins/com.st.stm32cube.ide.mcu.externaltools.gnu-tools-for-stm32.13.3.rel1.win32_1.0.100.202509120712/tools/bin/../lib/gcc/arm-none-eabi/13.3.1/../../../../arm-none-eabi/lib/thumb/v8-m.main+fp/hard\libc_nano.a(libc_a-findfp.o)
                              C:/ST/IDE2/STM32CubeIDE/plugins/com.st.stm32cube.ide.mcu.externaltools.gnu-tools-for-stm32.13.3.rel1.win32_1.0.100.202509120712/tools/bin/../lib/gcc/arm-none-eabi/13.3.1/../../../../arm-none-eabi/lib/thumb/v8-m.main+fp/hard\libc_nano.a(libc_a-exit.o) (__stdio_exit_handler)
C:/ST/IDE2/STM32CubeIDE/plugins/com.st.stm32cube.ide.mcu.externaltools.gnu-tools-for-stm32.13.3.rel1.win32_1.0.100.202509120712/tools/bin/../lib/gcc/arm-none-eabi/13.3.1/../../../../arm-none-eabi/lib/thumb/v8-m.main+fp/hard\libc_nano.a(libc_a-fwalk.o)
                              C:/ST/IDE2/STM32CubeIDE/plugins/com.st.stm32cube.ide.mcu.externaltools.gnu-tools-for-stm32.13.3.rel1.win32_1.0.100.202509120712/tools/bin/../lib/gcc/arm-none-eabi/13.3.1/../../../../arm-none-eabi/lib/thumb/v8-m.main+fp/hard\libc_nano.a(libc_a-findfp.o) (_fwalk_sglue)
C:/ST/IDE2/STM32CubeIDE/plugins/com.st.stm32cube.ide.mcu.externaltools.gnu-tools-for-stm32.13.3.rel1.win32_1.0.100.202509120712/tools/bin/../lib/gcc/arm-none-eabi/13.3.1/../../../../arm-none-eabi/lib/thumb/v8-m.main+fp/hard\libc_nano.a(libc_a-stdio.o)
                              C:/ST/IDE2/STM32CubeIDE/plugins/com.st.stm32cube.ide.mcu.externaltools.gnu-tools-for-stm32.13.3.rel1.win32_1.0.100.202509120712/tools/bin/../lib/gcc/arm-none-eabi/13.3.1/../../../../arm-none-eabi/lib/thumb/v8-m.main+fp/hard\libc_nano.a(libc_a-findfp.o) (__sread)
C:/ST/IDE2/STM32CubeIDE/plugins/com.st.stm32cube.ide.mcu.externaltools.gnu-tools-for-stm32.13.3.rel1.win32_1.0.100.202509120712/tools/bin/../lib/gcc/arm-none-eabi/13.3.1/../../../../arm-none-eabi/lib/thumb/v8-m.main+fp/hard\libc_nano.a(libc_a-memset.o)
                              C:/ST/IDE2/STM32CubeIDE/plugins/com.st.stm32cube.ide.mcu.externaltools.gnu-tools-for-stm32.13.3.rel1.win32_1.0.100.202509120712/tools/bin/../lib/gcc/arm-none-eabi/13.3.1/../../../../arm-none-eabi/lib/thumb/v8-m.main+fp/hard/crt0.o (memset)
C:/ST/IDE2/STM32CubeIDE/plugins/com.st.stm32cube.ide.mcu.externaltools.gnu-tools-for-stm32.13.3.rel1.win32_1.0.100.202509120712/tools/bin/../lib/gcc/arm-none-eabi/13.3.1/../../../../arm-none-eabi/lib/thumb/v8-m.main+fp/hard\libc_nano.a(libc_a-closer.o)
                              C:/ST/IDE2/STM32CubeIDE/plugins/com.st.stm32cube.ide.mcu.externaltools.gnu-tools-for-stm32.13.3.rel1.win32_1.0.100.202509120712/tools/bin/../lib/gcc/arm-none-eabi/13.3.1/../../../../arm-none-eabi/lib/thumb/v8-m.main+fp/hard\libc_nano.a(libc_a-stdio.o) (_close_r)
C:/ST/IDE2/STM32CubeIDE/plugins/com.st.stm32cube.ide.mcu.externaltools.gnu-tools-for-stm32.13.3.rel1.win32_1.0.100.202509120712/tools/bin/../lib/gcc/arm-none-eabi/13.3.1/../../../../arm-none-eabi/lib/thumb/v8-m.main+fp/hard\libc_nano.a(libc_a-reent.o)
                              C:/ST/IDE2/STM32CubeIDE/plugins/com.st.stm32cube.ide.mcu.externaltools.gnu-tools-for-stm32.13.3.rel1.win32_1.0.100.202509120712/tools/bin/../lib/gcc/arm-none-eabi/13.3.1/../../../../arm-none-eabi/lib/thumb/v8-m.main+fp/hard\libc_nano.a(libc_a-closer.o) (errno)
C:/ST/IDE2/STM32CubeIDE/plugins/com.st.stm32cube.ide.mcu.externaltools.gnu-tools-for-stm32.13.3.rel1.win32_1.0.100.202509120712/tools/bin/../lib/gcc/arm-none-eabi/13.3.1/../../../../arm-none-eabi/lib/thumb/v8-m.main+fp/hard\libc_nano.a(libc_a-impure.o)
                              C:/ST/IDE2/STM32CubeIDE/plugins/com.st.stm32cube.ide.mcu.externaltools.gnu-tools-for-stm32.13.3.rel1.win32_1.0.100.202509120712/tools/bin/../lib/gcc/arm-none-eabi/13.3.1/../../../../arm-none-eabi/lib/thumb/v8-m.main+fp/hard\libc_nano.a(libc_a-reent.o) (_impure_ptr)
C:/ST/IDE2/STM32CubeIDE/plugins/com.st.stm32cube.ide.mcu.externaltools.gnu-tools-for-stm32.13.3.rel1.win32_1.0.100.202509120712/tools/bin/../lib/gcc/arm-none-eabi/13.3.1/../../../../arm-none-eabi/lib/thumb/v8-m.main+fp/hard\libc_nano.a(libc_a-lseekr.o)
                              C:/ST/IDE2/STM32CubeIDE/plugins/com.st.stm32cube.ide.mcu.externaltools.gnu-tools-for-stm32.13.3.rel1.win32_1.0.100.202509120712/tools/bin/../lib/gcc/arm-none-eabi/13.3.1/../../../../arm-none-eabi/lib/thumb/v8-m.main+fp/hard\libc_nano.a(libc_a-stdio.o) (_lseek_r)
[...]
Memory Configuration

Name             Origin             Length             Attributes
RAM              0x20000004         0x0000fff0         xrw
*default*        0x00000000         0xffffffff

Linker script and memory map

LOAD C:/ST/IDE2/STM32CubeIDE/plugins/com.st.stm32cube.ide.mcu.externaltools.gnu-tools-for-stm32.13.3.rel1.win32_1.0.100.202509120712/tools/bin/../lib/gcc/arm-none-eabi/13.3.1/thumb/v8-m.main+fp/hard/crti.o
LOAD C:/ST/IDE2/STM32CubeIDE/plugins/com.st.stm32cube.ide.mcu.externaltools.gnu-tools-for-stm32.13.3.rel1.win32_1.0.100.202509120712/tools/bin/../lib/gcc/arm-none-eabi/13.3.1/thumb/v8-m.main+fp/hard/crtbegin.o
LOAD C:/ST/IDE2/STM32CubeIDE/plugins/com.st.stm32cube.ide.mcu.externaltools.gnu-tools-for-stm32.13.3.rel1.win32_1.0.100.202509120712/tools/bin/../lib/gcc/arm-none-eabi/13.3.1/../../../../arm-none-eabi/lib/thumb/v8-m.main+fp/hard/crt0.o
LOAD ./Core/Src/Dev_Inf.o
LOAD ./Core/Src/Loader_Src.o
LOAD ./Core/Src/stm32u3xx_hal_msp.o
LOAD ./Core/Src/stm32u3xx_it.o
LOAD ./Core/Src/syscalls.o
LOAD ./Core/Src/sysmem.o
LOAD ./Core/Src/system_stm32u3xx.o
LOAD ./Core/Startup/startup_stm32u385rgtxq.o
LOAD ./Drivers/STM32U3xx_HAL_Driver/Src/stm32u3xx_hal.o
LOAD ./Drivers/STM32U3xx_HAL_Driver/Src/stm32u3xx_hal_cortex.o
LOAD ./Drivers/STM32U3xx_HAL_Driver/Src/stm32u3xx_hal_dma.o
LOAD ./Drivers/STM32U3xx_HAL_Driver/Src/stm32u3xx_hal_dma_ex.o
LOAD ./Drivers/STM32U3xx_HAL_Driver/Src/stm32u3xx_hal_exti.o
LOAD ./Drivers/STM32U3xx_HAL_Driver/Src/stm32u3xx_hal_flash.o
LOAD ./Drivers/STM32U3xx_HAL_Driver/Src/stm32u3xx_hal_flash_ex.o
LOAD ./Drivers/STM32U3xx_HAL_Driver/Src/stm32u3xx_hal_gpio.o
LOAD ./Drivers/STM32U3xx_HAL_Driver/Src/stm32u3xx_hal_gtzc.o
LOAD ./Drivers/STM32U3xx_HAL_Driver/Src/stm32u3xx_hal_icache.o
LOAD ./Drivers/STM32U3xx_HAL_Driver/Src/stm32u3xx_hal_pwr.o
LOAD ./Drivers/STM32U3xx_HAL_Driver/Src/stm32u3xx_hal_pwr_ex.o
LOAD ./Drivers/STM32U3xx_HAL_Driver/Src/stm32u3xx_hal_rcc.o
LOAD ./Drivers/STM32U3xx_HAL_Driver/Src/stm32u3xx_hal_rcc_ex.o
LOAD ./Drivers/STM32U3xx_HAL_Driver/Src/stm32u3xx_hal_tim.o
LOAD ./Drivers/STM32U3xx_HAL_Driver/Src/stm32u3xx_hal_tim_ex.o
START GROUP
LOAD C:/ST/IDE2/STM32CubeIDE/plugins/com.st.stm32cube.ide.mcu.externaltools.gnu-tools-for-stm32.13.3.rel1.win32_1.0.100.202509120712/tools/bin/../lib/gcc/arm-none-eabi/13.3.1/../../../../arm-none-eabi/lib/thumb/v8-m.main+fp/hard\libc_nano.a
LOAD C:/ST/IDE2/STM32CubeIDE/plugins/com.st.stm32cube.ide.mcu.externaltools.gnu-tools-for-stm32.13.3.rel1.win32_1.0.100.202509120712/tools/bin/../lib/gcc/arm-none-eabi/13.3.1/../../../../arm-none-eabi/lib/thumb/v8-m.main+fp/hard\libm.a
END GROUP
START GROUP
LOAD C:/ST/IDE2/STM32CubeIDE/plugins/com.st.stm32cube.ide.mcu.externaltools.gnu-tools-for-stm32.13.3.rel1.win32_1.0.100.202509120712/tools/bin/../lib/gcc/arm-none-eabi/13.3.1/thumb/v8-m.main+fp/hard\libgcc.a
LOAD C:/ST/IDE2/STM32CubeIDE/plugins/com.st.stm32cube.ide.mcu.externaltools.gnu-tools-for-stm32.13.3.rel1.win32_1.0.100.202509120712/tools/bin/../lib/gcc/arm-none-eabi/13.3.1/../../../../arm-none-eabi/lib/thumb/v8-m.main+fp/hard\libc_nano.a
END GROUP
START GROUP
LOAD C:/ST/IDE2/STM32CubeIDE/plugins/com.st.stm32cube.ide.mcu.externaltools.gnu-tools-for-stm32.13.3.rel1.win32_1.0.100.202509120712/tools/bin/../lib/gcc/arm-none-eabi/13.3.1/thumb/v8-m.main+fp/hard\libgcc.a
LOAD C:/ST/IDE2/STM32CubeIDE/plugins/com.st.stm32cube.ide.mcu.externaltools.gnu-tools-for-stm32.13.3.rel1.win32_1.0.100.202509120712/tools/bin/../lib/gcc/arm-none-eabi/13.3.1/../../../../arm-none-eabi/lib/thumb/v8-m.main+fp/hard\libc_nano.a
LOAD C:/ST/IDE2/STM32CubeIDE/plugins/com.st.stm32cube.ide.mcu.externaltools.gnu-tools-for-stm32.13.3.rel1.win32_1.0.100.202509120712/tools/bin/../lib/gcc/arm-none-eabi/13.3.1/../../../../arm-none-eabi/lib/thumb/v8-m.main+fp/hard\libnosys.a
END GROUP
START GROUP
LOAD C:/ST/IDE2/STM32CubeIDE/plugins/com.st.stm32cube.ide.mcu.externaltools.gnu-tools-for-stm32.13.3.rel1.win32_1.0.100.202509120712/tools/bin/../lib/gcc/arm-none-eabi/13.3.1/thumb/v8-m.main+fp/hard\libgcc.a
LOAD C:/ST/IDE2/STM32CubeIDE/plugins/com.st.stm32cube.ide.mcu.externaltools.gnu-tools-for-stm32.13.3.rel1.win32_1.0.100.202509120712/tools/bin/../lib/gcc/arm-none-eabi/13.3.1/../../../../arm-none-eabi/lib/thumb/v8-m.main+fp/hard\libc_nano.a
LOAD C:/ST/IDE2/STM32CubeIDE/plugins/com.st.stm32cube.ide.mcu.externaltools.gnu-tools-for-stm32.13.3.rel1.win32_1.0.100.202509120712/tools/bin/../lib/gcc/arm-none-eabi/13.3.1/../../../../arm-none-eabi/lib/thumb/v8-m.main+fp/hard\libnosys.a
END GROUP
LOAD C:/ST/IDE2/STM32CubeIDE/plugins/com.st.stm32cube.ide.mcu.externaltools.gnu-tools-for-stm32.13.3.rel1.win32_1.0.100.202509120712/tools/bin/../lib/gcc/arm-none-eabi/13.3.1/thumb/v8-m.main+fp/hard/crtend.o
LOAD C:/ST/IDE2/STM32CubeIDE/plugins/com.st.stm32cube.ide.mcu.externaltools.gnu-tools-for-stm32.13.3.rel1.win32_1.0.100.202509120712/tools/bin/../lib/gcc/arm-none-eabi/13.3.1/thumb/v8-m.main+fp/hard/crtn.o
                0x2000fff4                        _estack = (ORIGIN (RAM) + LENGTH (RAM))
                0x00000200                        _Min_Heap_Size = 0x200
                0x00000400                        _Min_Stack_Size = 0x400

.isr_vector     0x20000004      0x470
                0x20000240                        . = (. + 0x23c)
 *fill*         0x20000004      0x23c 
                0x20000240                        . = ALIGN (0x4)
 *(.isr_vector)
 .isr_vector    0x20000240      0x234 ./Core/Startup/startup_stm32u385rgtxq.o
                0x20000240                g_pfnVectors
                0x20000474                        . = ALIGN (0x4)

.ARM.extab
 *(.ARM.extab* .gnu.linkonce.armextab.*)

.ARM            0x20000474        0x0
                0x20000474                        __exidx_start = .
 *(.ARM.exidx*)
                0x20000474                        __exidx_end = .

.preinit_array  0x20000474        0x0
                0x20000474                        PROVIDE (__preinit_array_start = .)
 *(.preinit_array*)
                0x20000474                        PROVIDE (__preinit_array_end = .)

.init_array     0x20000474        0x4
                0x20000474                        PROVIDE (__init_array_start = .)
 *(SORT_BY_NAME(.init_array.*))
 *(.init_array*)
 .init_array    0x20000474        0x4 C:/ST/IDE2/STM32CubeIDE/plugins/com.st.stm32cube.ide.mcu.externaltools.gnu-tools-for-stm32.13.3.rel1.win32_1.0.100.202509120712/tools/bin/../lib/gcc/arm-none-eabi/13.3.1/thumb/v8-m.main+fp/hard/crtbegin.o
                0x20000478                        PROVIDE (__init_array_end = .)

.fini_array     0x20000478        0x4
                [!provide]                        PROVIDE (__fini_array_start = .)
 *(SORT_BY_NAME(.fini_array.*))
 *(.fini_array*)
 .fini_array    0x20000478        0x4 C:/ST/IDE2/STM32CubeIDE/plugins/com.st.stm32cube.ide.mcu.externaltools.gnu-tools-for-stm32.13.3.rel1.win32_1.0.100.202509120712/tools/bin/../lib/gcc/arm-none-eabi/13.3.1/thumb/v8-m.main+fp/hard/crtbegin.o
                [!provide]                        PROVIDE (__fini_array_end = .)
                0x2000047c                        _sidata = LOADADDR (.data)

.data           0x2000047c        0xc
                0x2000047c                        . = ALIGN (0x4)
                0x2000047c                        _sdata = .
 *(.data)
 *(.data*)
 .data.SystemCoreClock
                0x2000047c        0x4 ./Core/Src/system_stm32u3xx.o
                0x2000047c                SystemCoreClock
 .data.uwTickPrio
                0x20000480        0x4 ./Drivers/STM32U3xx_HAL_Driver/Src/stm32u3xx_hal.o
                0x20000480                uwTickPrio
 .data.uwTickFreq
                0x20000484        0x1 ./Drivers/STM32U3xx_HAL_Driver/Src/stm32u3xx_hal.o
                0x20000484                uwTickFreq
                0x20000488                        . = ALIGN (0x4)
 *fill*         0x20000485        0x3 
                0x20000488                        _edata = .

.igot.plt       0x20000488        0x0
 .igot.plt      0x20000488        0x0 C:/ST/IDE2/STM32CubeIDE/plugins/com.st.stm32cube.ide.mcu.externaltools.gnu-tools-for-stm32.13.3.rel1.win32_1.0.100.202509120712/tools/bin/../lib/gcc/arm-none-eabi/13.3.1/thumb/v8-m.main+fp/hard/crtbegin.o
                0x20000488                        . = ALIGN (0x4)

.bss            0x20000488       0x20
                0x20000488                        _sbss = .
                0x20000488                        __bss_start__ = _sbss
 *(.bss)
 .bss           0x20000488       0x1c C:/ST/IDE2/STM32CubeIDE/plugins/com.st.stm32cube.ide.mcu.externaltools.gnu-tools-for-stm32.13.3.rel1.win32_1.0.100.202509120712/tools/bin/../lib/gcc/arm-none-eabi/13.3.1/thumb/v8-m.main+fp/hard/crtbegin.o
 *(.bss*)
 .bss.uwTick    0x200004a4        0x4 ./Drivers/STM32U3xx_HAL_Driver/Src/stm32u3xx_hal.o
                0x200004a4                uwTick
 *(COMMON)
                0x200004a8                        . = ALIGN (0x4)
                0x200004a8                        _ebss = .
                0x200004a8                        __bss_end__ = _ebss

.text           0x200004a8     0x1270
                0x200004a8                        . = ALIGN (0x4)
 *(.text)
 .text          0x200004a8       0x40 C:/ST/IDE2/STM32CubeIDE/plugins/com.st.stm32cube.ide.mcu.externaltools.gnu-tools-for-stm32.13.3.rel1.win32_1.0.100.202509120712/tools/bin/../lib/gcc/arm-none-eabi/13.3.1/thumb/v8-m.main+fp/hard/crtbegin.o
 *(.text*)
 .text.HAL_InitTick
                0x200004e8       0x16 ./Core/Src/Loader_Src.o
                0x200004e8                HAL_InitTick
 .text.HAL_GetTick
                0x200004fe       0x10 ./Core/Src/Loader_Src.o
                0x200004fe                HAL_GetTick
 .text.main     0x2000050e        0xe ./Core/Src/Loader_Src.o
                0x2000050e                main
 .text.Init     0x2000051c       0x16 ./Core/Src/Loader_Src.o
                0x2000051c                Init
 .text.Write    0x20000532       0x1a ./Core/Src/Loader_Src.o
                0x20000532                Write
 .text.MassErase
                0x2000054c       0x16 ./Core/Src/Loader_Src.o
                0x2000054c                MassErase
 .text.SectorErase
                0x20000562       0x18 ./Core/Src/Loader_Src.o
                0x20000562                SectorErase
 *fill*         0x2000057a        0x6 
 .text.Verify   0x20000580       0x58 ./Core/Src/Loader_Src.o
                0x20000580                Verify
 .text.SystemClock_Config
                0x200005d8       0xa0 ./Core/Src/Loader_Src.o
                0x200005d8                SystemClock_Config
 .text.Read     0x20000678       0x1a ./Core/Src/Loader_Src.o
                0x20000678                Read
 *fill*         0x20000692        0x2 
 .text.HAL_MspInit
                0x20000694       0x34 ./Core/Src/stm32u3xx_hal_msp.o
                0x20000694                HAL_MspInit
 .text.NMI_Handler
                0x200006c8        0x8 ./Core/Src/stm32u3xx_it.o
                0x200006c8                NMI_Handler
 .text.HardFault_Handler
                0x200006d0        0x8 ./Core/Src/stm32u3xx_it.o
                0x200006d0                HardFault_Handler
 .text.MemManage_Handler
                0x200006d8        0x8 ./Core/Src/stm32u3xx_it.o
                0x200006d8                MemManage_Handler
 .text.BusFault_Handler
                0x200006e0        0x8 ./Core/Src/stm32u3xx_it.o
                0x200006e0                BusFault_Handler
 .text.UsageFault_Handler
                0x200006e8        0x8 ./Core/Src/stm32u3xx_it.o
                0x200006e8                UsageFault_Handler
 .text.SVC_Handler
                0x200006f0        0xe ./Core/Src/stm32u3xx_it.o
                0x200006f0                SVC_Handler
 .text.DebugMon_Handler
                0x200006fe        0xe ./Core/Src/stm32u3xx_it.o
                0x200006fe                DebugMon_Handler
 .text.PendSV_Handler
                0x2000070c        0xe ./Core/Src/stm32u3xx_it.o
                0x2000070c                PendSV_Handler
 .text.SysTick_Handler
                0x2000071a        0xc ./Core/Src/stm32u3xx_it.o
                0x2000071a                SysTick_Handler
 *fill*         0x20000726        0x2 
 .text.SystemInit
                0x20000728       0x2c ./Core/Src/system_stm32u3xx.o
                0x20000728                SystemInit
 .text.SystemCoreClockUpdate
                0x20000754       0xd0 ./Core/Src/system_stm32u3xx.o
                0x20000754                SystemCoreClockUpdate
 .text.Reset_Handler
                0x20000824       0x50 ./Core/Startup/startup_stm32u385rgtxq.o
                0x20000824                Reset_Handler
 .text.Default_Handler
                0x20000874        0x2 ./Core/Startup/startup_stm32u385rgtxq.o
                0x20000874                EXTI2_IRQHandler
                0x20000874                EXTI5_IRQHandler
                0x20000874                I3C1_ER_IRQHandler
                0x20000874                FLASH_S_IRQHandler
                0x20000874                EXTI13_IRQHandler
                0x20000874                TIM1_CC_IRQHandler
                0x20000874                TSC_IRQHandler
                0x20000874                TIM1_TRG_COM_DIR_IDX_IRQHandler
                0x20000874                TAMP_IRQHandler
                0x20000874                TIM6_IRQHandler
                0x20000874                EXTI12_IRQHandler
                0x20000874                EXTI3_IRQHandler
                0x20000874                LPTIM4_IRQHandler
                0x20000874                GPDMA1_Channel5_IRQHandler
                0x20000874                EXTI8_IRQHandler
                0x20000874                LPTIM2_IRQHandler
                0x20000874                USB_FS_IRQHandler
                0x20000874                I2C3_ER_IRQHandler
                0x20000874                LPTIM3_IRQHandler
                0x20000874                EXTI0_IRQHandler
                0x20000874                I2C2_EV_IRQHandler
                0x20000874                FPU_IRQHandler
                0x20000874                GPDMA1_Channel3_IRQHandler
                0x20000874                GPDMA1_Channel7_IRQHandler
                0x20000874                FDCAN1_IT1_IRQHandler
                0x20000874                RAMCFG_IRQHandler
                0x20000874                PWR_S_IRQHandler
                0x20000874                GPDMA1_Channel9_IRQHandler
                0x20000874                SPI1_IRQHandler
                0x20000874                OCTOSPI1_IRQHandler
                0x20000874                GPDMA1_Channel2_IRQHandler
                0x20000874                RCC_S_IRQHandler
                0x20000874                ADC1_IRQHandler
                0x20000874                PKA_IRQHandler
                0x20000874                PWR_IRQHandler
                0x20000874                I3C2_ER_IRQHandler
                0x20000874                EXTI15_IRQHandler
                0x20000874                TIM17_IRQHandler
                0x20000874                USART3_IRQHandler
                0x20000874                RTC_IRQHandler
                0x20000874                EXTI9_IRQHandler
                0x20000874                UART5_IRQHandler
                0x20000874                TIM4_IRQHandler
                0x20000874                I3C2_EV_IRQHandler
                0x20000874                I2C1_EV_IRQHandler
                0x20000874                GPDMA1_Channel1_IRQHandler
                0x20000874                TIM16_IRQHandler
                0x20000874                UART4_IRQHandler
                0x20000874                SecureFault_Handler
                0x20000874                TIM3_IRQHandler
                0x20000874                RCC_IRQHandler
                0x20000874                Default_Handler
                0x20000874                GPDMA1_Channel8_IRQHandler
                0x20000874                GPDMA1_Channel11_IRQHandler
                0x20000874                TIM7_IRQHandler
                0x20000874                SDMMC1_IRQHandler
                0x20000874                SAES_IRQHandler
                0x20000874                GPDMA1_Channel0_IRQHandler
                0x20000874                I3C1_EV_IRQHandler
                0x20000874                TIM15_IRQHandler
                0x20000874                I2C3_EV_IRQHandler
                0x20000874                PVD_PVM_IRQHandler
                0x20000874                ADC2_IRQHandler
                0x20000874                SPI2_IRQHandler
                0x20000874                EXTI14_IRQHandler
                0x20000874                EXTI11_IRQHandler
                0x20000874                CRS_IRQHandler
                0x20000874                EXTI4_IRQHandler
                0x20000874                TIM1_BRK_TERR_IERR_IRQHandler
                0x20000874                RTC_S_IRQHandler
                0x20000874                RNG_IRQHandler
                0x20000874                COMP_IRQHandler
                0x20000874                TIM1_UP_IRQHandler
                0x20000874                WWDG_IRQHandler
                0x20000874                ADF1_IRQHandler
                0x20000874                IWDG_IRQHandler
                0x20000874                LPUART1_IRQHandler
                0x20000874                FDCAN1_IT0_IRQHandler
                0x20000874                TIM2_IRQHandler
                0x20000874                GPDMA1_Channel4_IRQHandler
                0x20000874                EXTI7_IRQHandler
                0x20000874                EXTI1_IRQHandler
                0x20000874                AES_IRQHandler
                0x20000874                DAC1_IRQHandler
                0x20000874                GTZC_IRQHandler
                0x20000874                GPDMA1_Channel6_IRQHandler
                0x20000874                I2C2_ER_IRQHandler
                0x20000874                FLASH_IRQHandler
                0x20000874                USART1_IRQHandler
                0x20000874                EXTI10_IRQHandler
                0x20000874                SPI3_IRQHandler
                0x20000874                I2C1_ER_IRQHandler
                0x20000874                EXTI6_IRQHandler
                0x20000874                LPTIM1_IRQHandler
                0x20000874                GPDMA1_Channel10_IRQHandler
                0x20000874                ICACHE_IRQHandler
                0x20000874                SAI1_IRQHandler
                0x20000874                HASH_IRQHandler
 *fill*         0x20000876        0x2 
 .text.HAL_Init
                0x20000878       0x40 ./Drivers/STM32U3xx_HAL_Driver/Src/stm32u3xx_hal.o
                0x20000878                HAL_Init
 .text.HAL_InitTick
                0x200008b8       0xfc ./Drivers/STM32U3xx_HAL_Driver/Src/stm32u3xx_hal.o
 .text.HAL_IncTick
                0x200009b4       0x28 ./Drivers/STM32U3xx_HAL_Driver/Src/stm32u3xx_hal.o
                0x200009b4                HAL_IncTick
 .text.HAL_Delay
                0x200009dc       0x48 ./Drivers/STM32U3xx_HAL_Driver/Src/stm32u3xx_hal.o
                0x200009dc                HAL_Delay
 .text.__NVIC_SetPriorityGrouping
                0x20000a24       0x48 ./Drivers/STM32U3xx_HAL_Driver/Src/stm32u3xx_hal_cortex.o
 .text.__NVIC_GetPriorityGrouping
                0x20000a6c       0x1c ./Drivers/STM32U3xx_HAL_Driver/Src/stm32u3xx_hal_cortex.o
 .text.__NVIC_SetPriority
                0x20000a88       0x54 ./Drivers/STM32U3xx_HAL_Driver/Src/stm32u3xx_hal_cortex.o
 .text.NVIC_EncodePriority
                0x20000adc       0x66 ./Drivers/STM32U3xx_HAL_Driver/Src/stm32u3xx_hal_cortex.o
 .text.HAL_NVIC_SetPriorityGrouping
                0x20000b42       0x16 ./Drivers/STM32U3xx_HAL_Driver/Src/stm32u3xx_hal_cortex.o
                0x20000b42                HAL_NVIC_SetPriorityGrouping
 .text.HAL_NVIC_SetPriority
                0x20000b58       0x34 ./Drivers/STM32U3xx_HAL_Driver/Src/stm32u3xx_hal_cortex.o
                0x20000b58                HAL_NVIC_SetPriority
 .text.HAL_SYSTICK_Config
                0x20000b8c       0x44 ./Drivers/STM32U3xx_HAL_Driver/Src/stm32u3xx_hal_cortex.o
                0x20000b8c                HAL_SYSTICK_Config
 .text.HAL_SYSTICK_CLKSourceConfig
                0x20000bd0       0xb0 ./Drivers/STM32U3xx_HAL_Driver/Src/stm32u3xx_hal_cortex.o
                0x20000bd0                HAL_SYSTICK_CLKSourceConfig
 .text.HAL_PWREx_ControlVoltageScaling
                0x20000c80       0x7c ./Drivers/STM32U3xx_HAL_Driver/Src/stm32u3xx_hal_pwr_ex.o
                0x20000c80                HAL_PWREx_ControlVoltageScaling
 .text.HAL_PWREx_ConfigSupply
                0x20000cfc       0x98 ./Drivers/STM32U3xx_HAL_Driver/Src/stm32u3xx_hal_pwr_ex.o
                0x20000cfc                HAL_PWREx_ConfigSupply
 .text.HAL_RCC_OscConfig
                0x20000d94      0x6ac ./Drivers/STM32U3xx_HAL_Driver/Src/stm32u3xx_hal_rcc.o
                0x20000d94                HAL_RCC_OscConfig
 .text.HAL_RCC_ClockConfig
                0x20001440      0x1d8 ./Drivers/STM32U3xx_HAL_Driver/Src/stm32u3xx_hal_rcc.o
                0x20001440                HAL_RCC_ClockConfig
 .text.HAL_RCC_GetSysClockFreq
                0x20001618       0x90 ./Drivers/STM32U3xx_HAL_Driver/Src/stm32u3xx_hal_rcc.o
                0x20001618                HAL_RCC_GetSysClockFreq
 .text.memset   0x200016a8       0x10 C:/ST/IDE2/STM32CubeIDE/plugins/com.st.stm32cube.ide.mcu.externaltools.gnu-tools-for-stm32.13.3.rel1.win32_1.0.100.202509120712/tools/bin/../lib/gcc/arm-none-eabi/13.3.1/../../../../arm-none-eabi/lib/thumb/v8-m.main+fp/hard\libc_nano.a(libc_a-memset.o)
                0x200016a8                memset
 .text.__libc_init_array
                0x200016b8       0x48 C:/ST/IDE2/STM32CubeIDE/plugins/com.st.stm32cube.ide.mcu.externaltools.gnu-tools-for-stm32.13.3.rel1.win32_1.0.100.202509120712/tools/bin/../lib/gcc/arm-none-eabi/13.3.1/../../../../arm-none-eabi/lib/thumb/v8-m.main+fp/hard\libc_nano.a(libc_a-init.o)
                0x200016b8                __libc_init_array
 *(.glue_7)
 .glue_7        0x20001700        0x0 linker stubs
 *(.glue_7t)
 .glue_7t       0x20001700        0x0 linker stubs
 *(.eh_frame)
 .eh_frame      0x20001700        0x0 C:/ST/IDE2/STM32CubeIDE/plugins/com.st.stm32cube.ide.mcu.externaltools.gnu-tools-for-stm32.13.3.rel1.win32_1.0.100.202509120712/tools/bin/../lib/gcc/arm-none-eabi/13.3.1/thumb/v8-m.main+fp/hard/crtbegin.o
 *(.text.Init)
 *(.text.Write)
 *(.text.SectorErase)
 *(.text.Verify)
 *(.text.HAL_InitTick)
 *(.text.MassErase)
 *(.text.Read)
 *(.init)
 .init          0x20001700        0x4 C:/ST/IDE2/STM32CubeIDE/plugins/com.st.stm32cube.ide.mcu.externaltools.gnu-tools-for-stm32.13.3.rel1.win32_1.0.100.202509120712/tools/bin/../lib/gcc/arm-none-eabi/13.3.1/thumb/v8-m.main+fp/hard/crti.o
                0x20001700                _init
 .init          0x20001704        0x8 C:/ST/IDE2/STM32CubeIDE/plugins/com.st.stm32cube.ide.mcu.externaltools.gnu-tools-for-stm32.13.3.rel1.win32_1.0.100.202509120712/tools/bin/../lib/gcc/arm-none-eabi/13.3.1/thumb/v8-m.main+fp/hard/crtn.o
 *(.fini)
 .fini          0x2000170c        0x4 C:/ST/IDE2/STM32CubeIDE/plugins/com.st.stm32cube.ide.mcu.externaltools.gnu-tools-for-stm32.13.3.rel1.win32_1.0.100.202509120712/tools/bin/../lib/gcc/arm-none-eabi/13.3.1/thumb/v8-m.main+fp/hard/crti.o
                0x2000170c                _fini
 .fini          0x20001710        0x8 C:/ST/IDE2/STM32CubeIDE/plugins/com.st.stm32cube.ide.mcu.externaltools.gnu-tools-for-stm32.13.3.rel1.win32_1.0.100.202509120712/tools/bin/../lib/gcc/arm-none-eabi/13.3.1/thumb/v8-m.main+fp/hard/crtn.o
                0x20001718                        . = ALIGN (0x4)
                0x20001718                        _etext = .

.vfp11_veneer   0x20001718        0x0
 .vfp11_veneer  0x20001718        0x0 linker stubs

.v4_bx          0x20001718        0x0
 .v4_bx         0x20001718        0x0 linker stubs

.iplt           0x20001718        0x0
 .iplt          0x20001718        0x0 C:/ST/IDE2/STM32CubeIDE/plugins/com.st.stm32cube.ide.mcu.externaltools.gnu-tools-for-stm32.13.3.rel1.win32_1.0.100.202509120712/tools/bin/../lib/gcc/arm-none-eabi/13.3.1/thumb/v8-m.main+fp/hard/crtbegin.o

.Dev_info       0x20001718       0xc8
 *Dev_Inf.o(.rodata*)
 .rodata.StorageInfo
                0x20001718       0xc8 ./Core/Src/Dev_Inf.o
                0x20001718                StorageInfo

.rodata         0x200017e0       0x10
                0x200017e0                        . = ALIGN (0x4)
 *(.rodata)
 *(.rodata*)
 .rodata.AHBPrescTable
                0x200017e0       0x10 ./Core/Src/system_stm32u3xx.o
                0x200017e0                AHBPrescTable
                0x200017f0                        . = ALIGN (0x4)

.rel.dyn        0x200017f0        0x0
 .rel.iplt      0x200017f0        0x0 C:/ST/IDE2/STM32CubeIDE/plugins/com.st.stm32cube.ide.mcu.externaltools.gnu-tools-for-stm32.13.3.rel1.win32_1.0.100.202509120712/tools/bin/../lib/gcc/arm-none-eabi/13.3.1/thumb/v8-m.main+fp/hard/crtbegin.o

._user_heap_stack
                0x200017f0      0x600
                0x200017f0                        . = ALIGN (0x4)
                [!provide]                        PROVIDE (end = .)
                0x200017f0                        PROVIDE (_end = .)
                0x200019f0                        . = (. + _Min_Heap_Size)
 *fill*         0x200017f0      0x200 
                0x20001df0                        . = (. + _Min_Stack_Size)
 *fill*         0x200019f0      0x400 
                0x20001df0                        . = ALIGN (0x4)

.ARM.attributes
                0x00000000       0x36
 *(.ARM.attributes)
 .ARM.attributes
                0x00000000       0x26 C:/ST/IDE2/STM32CubeIDE/plugins/com.st.stm32cube.ide.mcu.externaltools.gnu-tools-for-stm32.13.3.rel1.win32_1.0.100.202509120712/tools/bin/../lib/gcc/arm-none-eabi/13.3.1/thumb/v8-m.main+fp/hard/crti.o
 .ARM.attributes
                0x00000026       0x38 C:/ST/IDE2/STM32CubeIDE/plugins/com.st.stm32cube.ide.mcu.externaltools.gnu-tools-for-stm32.13.3.rel1.win32_1.0.100.202509120712/tools/bin/../lib/gcc/arm-none-eabi/13.3.1/thumb/v8-m.main+fp/hard/crtbegin.o
 .ARM.attributes
                0x0000005e       0x3a ./Core/Src/Dev_Inf.o
 .ARM.attributes
                0x00000098       0x3a ./Core/Src/Loader_Src.o
 .ARM.attributes
                0x000000d2       0x3a ./Core/Src/stm32u3xx_hal_msp.o
 .ARM.attributes
                0x0000010c       0x3a ./Core/Src/stm32u3xx_it.o
 .ARM.attributes
                0x00000146       0x3a ./Core/Src/system_stm32u3xx.o
 .ARM.attributes
                0x00000180       0x24 ./Core/Startup/startup_stm32u385rgtxq.o
 .ARM.attributes
                0x000001a4       0x3a ./Drivers/STM32U3xx_HAL_Driver/Src/stm32u3xx_hal.o
 .ARM.attributes
                0x000001de       0x3a ./Drivers/STM32U3xx_HAL_Driver/Src/stm32u3xx_hal_cortex.o
 .ARM.attributes
                0x00000218       0x3a ./Drivers/STM32U3xx_HAL_Driver/Src/stm32u3xx_hal_pwr_ex.o
 .ARM.attributes
                0x00000252       0x3a ./Drivers/STM32U3xx_HAL_Driver/Src/stm32u3xx_hal_rcc.o
 .ARM.attributes
                0x0000028c       0x38 C:/ST/IDE2/STM32CubeIDE/plugins/com.st.stm32cube.ide.mcu.externaltools.gnu-tools-for-stm32.13.3.rel1.win32_1.0.100.202509120712/tools/bin/../lib/gcc/arm-none-eabi/13.3.1/../../../../arm-none-eabi/lib/thumb/v8-m.main+fp/hard\libc_nano.a(libc_a-memset.o)
 .ARM.attributes
                0x000002c4       0x38 C:/ST/IDE2/STM32CubeIDE/plugins/com.st.stm32cube.ide.mcu.externaltools.gnu-tools-for-stm32.13.3.rel1.win32_1.0.100.202509120712/tools/bin/../lib/gcc/arm-none-eabi/13.3.1/../../../../arm-none-eabi/lib/thumb/v8-m.main+fp/hard\libc_nano.a(libc_a-init.o)
 .ARM.attributes
                0x000002fc       0x26 C:/ST/IDE2/STM32CubeIDE/plugins/com.st.stm32cube.ide.mcu.externaltools.gnu-tools-for-stm32.13.3.rel1.win32_1.0.100.202509120712/tools/bin/../lib/gcc/arm-none-eabi/13.3.1/thumb/v8-m.main+fp/hard/crtn.o
OUTPUT(u3 dummy loader.elf elf32-littlearm)
LOAD linker stubs

.debug_info     0x00000000     0x649d
 .debug_info    0x00000000      0x101 ./Core/Src/Dev_Inf.o
 .debug_info    0x00000101      0x8ae ./Core/Src/Loader_Src.o
 .debug_info    0x000009af      0x44b ./Core/Src/stm32u3xx_hal_msp.o
 .debug_info    0x00000dfa      0x4ba ./Core/Src/stm32u3xx_it.o
 .debug_info    0x000012b4      0x8c4 ./Core/Src/system_stm32u3xx.o
 .debug_info    0x00001b78       0x30 ./Core/Startup/startup_stm32u385rgtxq.o
 .debug_info    0x00001ba8     0x140d ./Drivers/STM32U3xx_HAL_Driver/Src/stm32u3xx_hal.o
 .debug_info    0x00002fb5     0x15a9 ./Drivers/STM32U3xx_HAL_Driver/Src/stm32u3xx_hal_cortex.o
 .debug_info    0x0000455e      0xec5 ./Drivers/STM32U3xx_HAL_Driver/Src/stm32u3xx_hal_pwr_ex.o
 .debug_info    0x00005423     0x107a ./Drivers/STM32U3xx_HAL_Driver/Src/stm32u3xx_hal_rcc.o

.debug_abbrev   0x00000000     0x1172
 .debug_abbrev  0x00000000       0x6e ./Core/Src/Dev_Inf.o
 .debug_abbrev  0x0000006e      0x260 ./Core/Src/Loader_Src.o
 .debug_abbrev  0x000002ce       0xf6 ./Core/Src/stm32u3xx_hal_msp.o
 .debug_abbrev  0x000003c4      0x11b ./Core/Src/stm32u3xx_it.o
 .debug_abbrev  0x000004df      0x142 ./Core/Src/system_stm32u3xx.o
 .debug_abbrev  0x00000621       0x24 ./Core/Startup/startup_stm32u385rgtxq.o
 .debug_abbrev  0x00000645      0x344 ./Drivers/STM32U3xx_HAL_Driver/Src/stm32u3xx_hal.o
 .debug_abbrev  0x00000989      0x312 ./Drivers/STM32U3xx_HAL_Driver/Src/stm32u3xx_hal_cortex.o
 .debug_abbrev  0x00000c9b      0x20f ./Drivers/STM32U3xx_HAL_Driver/Src/stm32u3xx_hal_pwr_ex.o
 .debug_abbrev  0x00000eaa      0x2c8 ./Drivers/STM32U3xx_HAL_Driver/Src/stm32u3xx_hal_rcc.o

.debug_aranges  0x00000000      0x5f0
 .debug_aranges
                0x00000000       0x18 ./Core/Src/Dev_Inf.o
 .debug_aranges
                0x00000018       0x70 ./Core/Src/Loader_Src.o
 .debug_aranges
                0x00000088       0x20 ./Core/Src/stm32u3xx_hal_msp.o
 .debug_aranges
                0x000000a8       0x60 ./Core/Src/stm32u3xx_it.o
 .debug_aranges
                0x00000108       0x28 ./Core/Src/system_stm32u3xx.o
 .debug_aranges
                0x00000130       0x28 ./Core/Startup/startup_stm32u385rgtxq.o
 .debug_aranges
                0x00000158      0x168 ./Drivers/STM32U3xx_HAL_Driver/Src/stm32u3xx_hal.o
 .debug_aranges
                0x000002c0      0x148 ./Drivers/STM32U3xx_HAL_Driver/Src/stm32u3xx_hal_cortex.o
 .debug_aranges
                0x00000408      0x138 ./Drivers/STM32U3xx_HAL_Driver/Src/stm32u3xx_hal_pwr_ex.o
 .debug_aranges
                0x00000540       0xb0 ./Drivers/STM32U3xx_HAL_Driver/Src/stm32u3xx_hal_rcc.o

.debug_macro    0x00000000    0x2a64d
 .debug_macro   0x00000000       0x1a ./Core/Src/Dev_Inf.o
 .debug_macro   0x0000001a      0xae4 ./Core/Src/Dev_Inf.o
 .debug_macro   0x00000afe       0x46 ./Core/Src/Dev_Inf.o
 .debug_macro   0x00000b44      0x28d ./Core/Src/Loader_Src.o
 .debug_macro   0x00000dd1      0x1cb ./Core/Src/Loader_Src.o
 .debug_macro   0x00000f9c       0x2e ./Core/Src/Loader_Src.o
 .debug_macro   0x00000fca       0x42 ./Core/Src/Loader_Src.o
 .debug_macro   0x0000100c       0x22 ./Core/Src/Loader_Src.o
 .debug_macro   0x0000102e       0x8e ./Core/Src/Loader_Src.o
 .debug_macro   0x000010bc       0x51 ./Core/Src/Loader_Src.o
 .debug_macro   0x0000110d      0x103 ./Core/Src/Loader_Src.o
 .debug_macro   0x00001210       0x6a ./Core/Src/Loader_Src.o
 .debug_macro   0x0000127a      0x1df ./Core/Src/Loader_Src.o
 .debug_macro   0x00001459       0x1c ./Core/Src/Loader_Src.o
 .debug_macro   0x00001475       0x29 ./Core/Src/Loader_Src.o
 .debug_macro   0x0000149e       0xfb ./Core/Src/Loader_Src.o
 .debug_macro   0x00001599     0x1685 ./Core/Src/Loader_Src.o
 .debug_macro   0x00002c1e       0x5e ./Core/Src/Loader_Src.o
 .debug_macro   0x00002c7c    0x1df8a ./Core/Src/Loader_Src.o
 .debug_macro   0x00020c06       0x6c ./Core/Src/Loader_Src.o
 .debug_macro   0x00020c72     0x3432 ./Core/Src/Loader_Src.o
 .debug_macro   0x000240a4      0x190 ./Core/Src/Loader_Src.o
 .debug_macro   0x00024234       0x61 ./Core/Src/Loader_Src.o
 .debug_macro   0x00024295       0x2a ./Core/Src/Loader_Src.o
 .debug_macro   0x000242bf       0x43 ./Core/Src/Loader_Src.o
 .debug_macro   0x00024302       0x34 ./Core/Src/Loader_Src.o
 .debug_macro   0x00024336      0x370 ./Core/Src/Loader_Src.o
 .debug_macro   0x000246a6       0x16 ./Core/Src/Loader_Src.o
 .debug_macro   0x000246bc       0x4a ./Core/Src/Loader_Src.o
 .debug_macro   0x00024706       0x34 ./Core/Src/Loader_Src.o
 .debug_macro   0x0002473a       0x10 ./Core/Src/Loader_Src.o
 .debug_macro   0x0002474a       0x58 ./Core/Src/Loader_Src.o
 .debug_macro   0x000247a2       0x8e ./Core/Src/Loader_Src.o
 .debug_macro   0x00024830       0x1c ./Core/Src/Loader_Src.o
 .debug_macro   0x0002484c      0x185 ./Core/Src/Loader_Src.o
 .debug_macro   0x000249d1      0x19b ./Core/Src/Loader_Src.o
 .debug_macro   0x00024b6c       0x5d ./Core/Src/Loader_Src.o
 .debug_macro   0x00024bc9      0x929 ./Core/Src/Loader_Src.o
 .debug_macro   0x000254f2     0x177a ./Core/Src/Loader_Src.o
 .debug_macro   0x00026c6c      0x837 ./Core/Src/Loader_Src.o
 .debug_macro   0x000274a3      0x1dd ./Core/Src/Loader_Src.o
 .debug_macro   0x00027680      0x1d0 ./Core/Src/Loader_Src.o
 .debug_macro   0x00027850      0x47f ./Core/Src/Loader_Src.o
 .debug_macro   0x00027ccf      0x313 ./Core/Src/Loader_Src.o
 .debug_macro   0x00027fe2       0xd6 ./Core/Src/Loader_Src.o
 .debug_macro   0x000280b8      0x1d5 ./Core/Src/Loader_Src.o
 .debug_macro   0x0002828d      0x1b0 ./Core/Src/Loader_Src.o
 .debug_macro   0x0002843d      0x439 ./Core/Src/Loader_Src.o
 .debug_macro   0x00028876       0xda ./Core/Src/Loader_Src.o
 .debug_macro   0x00028950      0x11c ./Core/Src/Loader_Src.o
 .debug_macro   0x00028a6c      0x511 ./Core/Src/Loader_Src.o
 .debug_macro   0x00028f7d      0x23b ./Core/Src/Loader_Src.o
 .debug_macro   0x000291b8      0x37b ./Core/Src/Loader_Src.o
 .debug_macro   0x00029533       0x10 ./Core/Src/Loader_Src.o
 .debug_macro   0x00029543       0x16 ./Core/Src/Loader_Src.o
 .debug_macro   0x00029559       0x3c ./Core/Src/Loader_Src.o
 .debug_macro   0x00029595       0x20 ./Core/Src/Loader_Src.o
 .debug_macro   0x000295b5      0x258 ./Core/Src/stm32u3xx_hal_msp.o
 .debug_macro   0x0002980d      0x262 ./Core/Src/stm32u3xx_it.o
 .debug_macro   0x00029a6f      0x25a ./Core/Src/system_stm32u3xx.o
 .debug_macro   0x00029cc9      0x254 ./Drivers/STM32U3xx_HAL_Driver/Src/stm32u3xx_hal.o
 .debug_macro   0x00029f1d      0x24f ./Drivers/STM32U3xx_HAL_Driver/Src/stm32u3xx_hal_cortex.o
 .debug_macro   0x0002a16c      0x263 ./Drivers/STM32U3xx_HAL_Driver/Src/stm32u3xx_hal_pwr_ex.o
 .debug_macro   0x0002a3cf      0x27e ./Drivers/STM32U3xx_HAL_Driver/Src/stm32u3xx_hal_rcc.o

.debug_line     0x00000000     0x5ea1
 .debug_line    0x00000000       0x4f ./Core/Src/Dev_Inf.o
 .debug_line    0x0000004f      0xaa0 ./Core/Src/Loader_Src.o
 .debug_line    0x00000aef      0x7ea ./Core/Src/stm32u3xx_hal_msp.o
 .debug_line    0x000012d9      0x89a ./Core/Src/stm32u3xx_it.o
 .debug_line    0x00001b73      0x856 ./Core/Src/system_stm32u3xx.o
 .debug_line    0x000023c9       0x79 ./Core/Startup/startup_stm32u385rgtxq.o
 .debug_line    0x00002442      0xde6 ./Drivers/STM32U3xx_HAL_Driver/Src/stm32u3xx_hal.o
 .debug_line    0x00003228      0xe30 ./Drivers/STM32U3xx_HAL_Driver/Src/stm32u3xx_hal_cortex.o
 .debug_line    0x00004058      0xcb5 ./Drivers/STM32U3xx_HAL_Driver/Src/stm32u3xx_hal_pwr_ex.o
 .debug_line    0x00004d0d     0x1194 ./Drivers/STM32U3xx_HAL_Driver/Src/stm32u3xx_hal_rcc.o

.debug_str      0x00000000   0x10bf2c
 .debug_str     0x00000000   0x10bf2c ./Core/Src/Dev_Inf.o
                               0x2ff5 (size before relaxing)
 .debug_str     0x0010bf2c        0x0 ./Core/Src/Loader_Src.o
                             0x10a644 (size before relaxing)
 .debug_str     0x0010bf2c        0x0 ./Core/Src/stm32u3xx_hal_msp.o
                             0x10a26d (size before relaxing)
 .debug_str     0x0010bf2c        0x0 ./Core/Src/stm32u3xx_it.o
                             0x10a303 (size before relaxing)
 .debug_str     0x0010bf2c        0x0 ./Core/Src/system_stm32u3xx.o
                             0x10a3ee (size before relaxing)
 .debug_str     0x0010bf2c        0x0 ./Core/Startup/startup_stm32u385rgtxq.o
                                 0x86 (size before relaxing)
 .debug_str     0x0010bf2c        0x0 ./Drivers/STM32U3xx_HAL_Driver/Src/stm32u3xx_hal.o
                             0x10b082 (size before relaxing)
 .debug_str     0x0010bf2c        0x0 ./Drivers/STM32U3xx_HAL_Driver/Src/stm32u3xx_hal_cortex.o
                             0x10aec3 (size before relaxing)
 .debug_str     0x0010bf2c        0x0 ./Drivers/STM32U3xx_HAL_Driver/Src/stm32u3xx_hal_pwr_ex.o
                             0x10a994 (size before relaxing)
 .debug_str     0x0010bf2c        0x0 ./Drivers/STM32U3xx_HAL_Driver/Src/stm32u3xx_hal_rcc.o
                             0x10aa77 (size before relaxing)

.comment        0x00000000       0x43
 .comment       0x00000000       0x43 ./Core/Src/Dev_Inf.o
                                 0x44 (size before relaxing)
 .comment       0x00000043        0x0 ./Core/Src/Loader_Src.o
                                 0x44 (size before relaxing)
 .comment       0x00000043        0x0 ./Core/Src/stm32u3xx_hal_msp.o
                                 0x44 (size before relaxing)
 .comment       0x00000043        0x0 ./Core/Src/stm32u3xx_it.o
                                 0x44 (size before relaxing)
 .comment       0x00000043        0x0 ./Core/Src/system_stm32u3xx.o
                                 0x44 (size before relaxing)
 .comment       0x00000043        0x0 ./Drivers/STM32U3xx_HAL_Driver/Src/stm32u3xx_hal.o
                                 0x44 (size before relaxing)
 .comment       0x00000043        0x0 ./Drivers/STM32U3xx_HAL_Driver/Src/stm32u3xx_hal_cortex.o
                                 0x44 (size before relaxing)
 .comment       0x00000043        0x0 ./Drivers/STM32U3xx_HAL_Driver/Src/stm32u3xx_hal_pwr_ex.o
                                 0x44 (size before relaxing)
 .comment       0x00000043        0x0 ./Drivers/STM32U3xx_HAL_Driver/Src/stm32u3xx_hal_rcc.o
                                 0x44 (size before relaxing)

.debug_rnglists
                0x00000000      0x447
 .debug_rnglists
                0x00000000       0x51 ./Core/Src/Loader_Src.o
 .debug_rnglists
                0x00000051       0x13 ./Core/Src/stm32u3xx_hal_msp.o
 .debug_rnglists
                0x00000064       0x43 ./Core/Src/stm32u3xx_it.o
 .debug_rnglists
                0x000000a7       0x1a ./Core/Src/system_stm32u3xx.o
 .debug_rnglists
                0x000000c1       0x19 ./Core/Startup/startup_stm32u385rgtxq.o
 .debug_rnglists
                0x000000da      0x10c ./Drivers/STM32U3xx_HAL_Driver/Src/stm32u3xx_hal.o
 .debug_rnglists
                0x000001e6       0xf2 ./Drivers/STM32U3xx_HAL_Driver/Src/stm32u3xx_hal_cortex.o
 .debug_rnglists
                0x000002d8       0xea ./Drivers/STM32U3xx_HAL_Driver/Src/stm32u3xx_hal_pwr_ex.o
 .debug_rnglists
                0x000003c2       0x85 ./Drivers/STM32U3xx_HAL_Driver/Src/stm32u3xx_hal_rcc.o

.debug_frame    0x00000000     0x167c
 .debug_frame   0x00000000      0x1a4 ./Core/Src/Loader_Src.o
 .debug_frame   0x000001a4       0x38 ./Core/Src/stm32u3xx_hal_msp.o
 .debug_frame   0x000001dc      0x104 ./Core/Src/stm32u3xx_it.o
 .debug_frame   0x000002e0       0x58 ./Core/Src/system_stm32u3xx.o
 .debug_frame   0x00000338      0x5c0 ./Drivers/STM32U3xx_HAL_Driver/Src/stm32u3xx_hal.o
 .debug_frame   0x000008f8      0x580 ./Drivers/STM32U3xx_HAL_Driver/Src/stm32u3xx_hal_cortex.o
 .debug_frame   0x00000e78      0x508 ./Drivers/STM32U3xx_HAL_Driver/Src/stm32u3xx_hal_pwr_ex.o
 .debug_frame   0x00001380      0x2b0 ./Drivers/STM32U3xx_HAL_Driver/Src/stm32u3xx_hal_rcc.o
 .debug_frame   0x00001630       0x20 C:/ST/IDE2/STM32CubeIDE/plugins/com.st.stm32cube.ide.mcu.externaltools.gnu-tools-for-stm32.13.3.rel1.win32_1.0.100.202509120712/tools/bin/../lib/gcc/arm-none-eabi/13.3.1/../../../../arm-none-eabi/lib/thumb/v8-m.main+fp/hard\libc_nano.a(libc_a-memset.o)
 .debug_frame   0x00001650       0x2c C:/ST/IDE2/STM32CubeIDE/plugins/com.st.stm32cube.ide.mcu.externaltools.gnu-tools-for-stm32.13.3.rel1.win32_1.0.100.202509120712/tools/bin/../lib/gcc/arm-none-eabi/13.3.1/../../../../arm-none-eabi/lib/thumb/v8-m.main+fp/hard\libc_nano.a(libc_a-init.o)

.debug_line_str
                0x00000000       0x6a
 .debug_line_str
                0x00000000       0x6a ./Core/Startup/startup_stm32u385rgtxq.o
